[digitalinfinityservices.com/index.html]
[backblue.gif]
[fade.gif]
[index.html]
[digitalinfinityservices.com/css/main.css]
[digitalinfinityservices.com/img/fav.png]
[cdnjs.cloudflare.com/ajax/libs/font-awesome/6.2.0/css/all.min.css]
[use.fontawesome.com/releases/v5.15.4/css/all.css]
[cdnjs.cloudflare.com/ajax/libs/jquery/3.6.0/jquery.min.js]
[cdnjs.cloudflare.com/ajax/libs/baguettebox.js/1.8.1/baguetteBox.min.css]
[code.jquery.com/jquery-3.2.1.min.js]
[cdnjs.cloudflare.com/ajax/libs/tether/1.4.0/js/tether.min.js]
[maxcdn.bootstrapcdn.com/bootstrap/4.0.0-alpha.6/js/bootstrap.min.js]
[cdnjs.cloudflare.com/ajax/libs/baguettebox.js/1.8.1/baguetteBox.min.js]
[cdn.jsdelivr.net/npm/swiper@11/swiper-bundle.min.css]
[digitalinfinityservices.com/portfolio.html]
[digitalinfinityservices.com/packages.html]
[digitalinfinityservices.com/img/logo-head.png]
[digitalinfinityservices.com/images/platforms/1.png]
[digitalinfinityservices.com/images/platforms/2.png]
[digitalinfinityservices.com/images/platforms/3.png]
[digitalinfinityservices.com/images/platforms/4.png]
[digitalinfinityservices.com/images/platforms/5.png]
[digitalinfinityservices.com/img/Phone.png]
[digitalinfinityservices.com/img/T2.png]
[digitalinfinityservices.com/img/T1.png]
[digitalinfinityservices.com/img/T3.png]
[digitalinfinityservices.com/stairparts.html]
[digitalinfinityservices.com/img/69.png]
[digitalinfinityservices.com/billcamp.html]
[digitalinfinityservices.com/images/billsm.jpg]
[digitalinfinityservices.com/costa.html]
[digitalinfinityservices.com/img/02.jpg]
[digitalinfinityservices.com/dafinger.html]
[digitalinfinityservices.com/img/03.png]
[digitalinfinityservices.com/ringed.html]
[digitalinfinityservices.com/img/ringy.jpg]
[digitalinfinityservices.com/strategic.html]
[digitalinfinityservices.com/img/str.png]
[digitalinfinityservices.com/amh.html]
[digitalinfinityservices.com/img/amh.jpg]
[digitalinfinityservices.com/divine.html]
[digitalinfinityservices.com/img/divine.jpg]
[digitalinfinityservices.com/sous.html]
[digitalinfinityservices.com/img/sous.jpg]
[digitalinfinityservices.com/web.html]
[digitalinfinityservices.com/logo.html]
[digitalinfinityservices.com/uiux.html]
[digitalinfinityservices.com/ecommerce.html]
[digitalinfinityservices.com/mobile.html]
[digitalinfinityservices.com/wordpress.html]
[digitalinfinityservices.com/support.html]
[digitalinfinityservices.com/images/testmonials-bg.png]
[digitalinfinityservices.com/img/rank1.png]
[digitalinfinityservices.com/img/rank2.png]
[digitalinfinityservices.com/img/rank3.png]
[digitalinfinityservices.com/images/leftServ.jpg]
[digitalinfinityservices.com/images/rightServ.jpg]
[digitalinfinityservices.com/images/1.jpg]
[digitalinfinityservices.com/images/2.jpg]
[digitalinfinityservices.com/images/3.jpg]
[digitalinfinityservices.com/images/4.jpg]
[digitalinfinityservices.com/images/5.jpg]
[digitalinfinityservices.com/images/6.jpg]
[digitalinfinityservices.com/images/7.jpg]
[digitalinfinityservices.com/images/8.jpg]
[digitalinfinityservices.com/images/9.jpg]
[digitalinfinityservices.com/images/10.jpg]
[digitalinfinityservices.com/images/11.jpg]
[digitalinfinityservices.com/images/12.jpg]
[digitalinfinityservices.com/images/13.jpg]
[digitalinfinityservices.com/images/14.jpg]
[digitalinfinityservices.com/images/15.jpg]
[digitalinfinityservices.com/images/16.jpg]
[digitalinfinityservices.com/images/17.jpg]
[digitalinfinityservices.com/images/18.jpg]
[digitalinfinityservices.com/images/19.jpg]
[digitalinfinityservices.com/images/20.jpg]
[cdn.jsdelivr.net/npm/swiper@11/swiper-bundle.min.js]
[digitalinfinityservices.com/index.html]
[digitalinfinityservices.com/js/main.js]
[digitalinfinityservices.com/fonts/helena/Helena]
[digitalinfinityservices.com/fonts/HelveticaNeueCyr-Medium.eot]
[digitalinfinityservices.com/fonts/HelveticaNeueCyr-Mediumd41d.eot]
[digitalinfinityservices.com/fonts/HelveticaNeueCyr-Medium.woff]
[digitalinfinityservices.com/fonts/HelveticaNeueCyr-Medium.ttf]
[digitalinfinityservices.com/fonts/HelveticaNeueCyr-Heavy.eot]
[digitalinfinityservices.com/fonts/HelveticaNeueCyr-Heavyd41d.eot]
[digitalinfinityservices.com/fonts/HelveticaNeueCyr-Heavy.woff]
[digitalinfinityservices.com/fonts/HelveticaNeueCyr-Heavy.ttf]
[digitalinfinityservices.com/fonts/HelveticaNeueCyr-HeavyItalic.eot]
[digitalinfinityservices.com/fonts/HelveticaNeueCyr-HeavyItalicd41d.eot]
[digitalinfinityservices.com/fonts/HelveticaNeueCyr-HeavyItalic.woff]
[digitalinfinityservices.com/fonts/HelveticaNeueCyr-HeavyItalic.ttf]
[digitalinfinityservices.com/fonts/HelveticaNeueCyr-Black.eot]
[digitalinfinityservices.com/fonts/HelveticaNeueCyr-Blackd41d.eot]
[digitalinfinityservices.com/fonts/HelveticaNeueCyr-Black.woff]
[digitalinfinityservices.com/fonts/HelveticaNeueCyr-Black.ttf]
[digitalinfinityservices.com/fonts/HelveticaNeueCyr-UltraLightItalic.eot]
[digitalinfinityservices.com/fonts/HelveticaNeueCyr-UltraLightItalicd41d.eot]
[digitalinfinityservices.com/fonts/HelveticaNeueCyr-UltraLightItalic.woff]
[digitalinfinityservices.com/fonts/HelveticaNeueCyr-UltraLightItalic.ttf]
[digitalinfinityservices.com/fonts/HelveticaNeueCyr-BlackItalic.eot]
[digitalinfinityservices.com/fonts/HelveticaNeueCyr-BlackItalicd41d.eot]
[digitalinfinityservices.com/fonts/HelveticaNeueCyr-BlackItalic.woff]
[digitalinfinityservices.com/fonts/HelveticaNeueCyr-BlackItalic.ttf]
[digitalinfinityservices.com/fonts/HelveticaNeueCyr-ThinItalic.eot]
[digitalinfinityservices.com/fonts/HelveticaNeueCyr-ThinItalicd41d.eot]
[digitalinfinityservices.com/fonts/HelveticaNeueCyr-ThinItalic.woff]
[digitalinfinityservices.com/fonts/HelveticaNeueCyr-ThinItalic.ttf]
[digitalinfinityservices.com/fonts/HelveticaNeueCyr-MediumItalic.eot]
[digitalinfinityservices.com/fonts/HelveticaNeueCyr-MediumItalicd41d.eot]
[digitalinfinityservices.com/fonts/HelveticaNeueCyr-MediumItalic.woff]
[digitalinfinityservices.com/fonts/HelveticaNeueCyr-MediumItalic.ttf]
[digitalinfinityservices.com/fonts/HelveticaNeueCyr-LightItalic.eot]
[digitalinfinityservices.com/fonts/HelveticaNeueCyr-LightItalicd41d.eot]
[digitalinfinityservices.com/fonts/HelveticaNeueCyr-LightItalic.woff]
[digitalinfinityservices.com/fonts/HelveticaNeueCyr-LightItalic.ttf]
[digitalinfinityservices.com/fonts/HelveticaNeueCyr-UltraLight.eot]
[digitalinfinityservices.com/fonts/HelveticaNeueCyr-UltraLightd41d.eot]
[digitalinfinityservices.com/fonts/HelveticaNeueCyr-UltraLight.woff]
[digitalinfinityservices.com/fonts/HelveticaNeueCyr-UltraLight.ttf]
[digitalinfinityservices.com/fonts/HelveticaNeueCyr-BoldItalic.eot]
[digitalinfinityservices.com/fonts/HelveticaNeueCyr-BoldItalicd41d.eot]
[digitalinfinityservices.com/fonts/HelveticaNeueCyr-BoldItalic.woff]
[digitalinfinityservices.com/fonts/HelveticaNeueCyr-BoldItalic.ttf]
[digitalinfinityservices.com/fonts/HelveticaNeueCyr-Italic.eot]
[digitalinfinityservices.com/fonts/HelveticaNeueCyr-Italicd41d.eot]
[digitalinfinityservices.com/fonts/HelveticaNeueCyr-Italic.woff]
[digitalinfinityservices.com/fonts/HelveticaNeueCyr-Italic.ttf]
[digitalinfinityservices.com/fonts/HelveticaNeueCyr-Roman.eot]
[digitalinfinityservices.com/fonts/HelveticaNeueCyr-Romand41d.eot]
[digitalinfinityservices.com/fonts/HelveticaNeueCyr-Roman.woff]
[digitalinfinityservices.com/fonts/HelveticaNeueCyr-Roman.ttf]
[digitalinfinityservices.com/fonts/HelveticaNeueCyr-Bold.eot]
[digitalinfinityservices.com/fonts/HelveticaNeueCyr-Boldd41d.eot]
[digitalinfinityservices.com/fonts/HelveticaNeueCyr-Bold.woff]
[digitalinfinityservices.com/fonts/HelveticaNeueCyr-Bold.ttf]
[digitalinfinityservices.com/fonts/HelveticaNeueCyr-Light.eot]
[digitalinfinityservices.com/fonts/HelveticaNeueCyr-Lightd41d.eot]
[digitalinfinityservices.com/fonts/HelveticaNeueCyr-Light.woff]
[digitalinfinityservices.com/fonts/HelveticaNeueCyr-Light.ttf]
[digitalinfinityservices.com/fonts/HelveticaNeueCyr-Thin.eot]
[digitalinfinityservices.com/fonts/HelveticaNeueCyr-Thind41d.eot]
[digitalinfinityservices.com/fonts/HelveticaNeueCyr-Thin.woff]
[digitalinfinityservices.com/fonts/HelveticaNeueCyr-Thin.ttf]
[digitalinfinityservices.com/img/quote.png]
[digitalinfinityservices.com/img/vect.png]
[digitalinfinityservices.com/img/vectstrip.png]
[digitalinfinityservices.com/css/main.css]
[cdnjs.cloudflare.com/ajax/libs/font-awesome/6.2.0/css/all.min.css]
[use.fontawesome.com/releases/v5.15.4/css/all.css]
[cdnjs.cloudflare.com/ajax/libs/baguettebox.js/1.8.1/baguetteBox.min.css]
[cdn.jsdelivr.net/npm/swiper@11/swiper-bundle.min.css]
[digitalinfinityservices.com/css/blog_page.css]
[cdnjs.cloudflare.com/ajax/libs/jquery/2.1.3/jquery.min.js]
[cdnjs.cloudflare.com/ajax/libs/fancybox/3.5.7/jquery.fancybox.min.css]
[cdnjs.cloudflare.com/ajax/libs/jquery/3.3.1/jquery.min.js]
[cdnjs.cloudflare.com/ajax/libs/fancybox/3.5.7/jquery.fancybox.min.js]
[digitalinfinityservices.com/index-2.html]
[digitalinfinityservices.com/images/portdis/logo/f1.jpg]
[digitalinfinityservices.com/images/portdis/logo/T1.jpg]
[digitalinfinityservices.com/images/portdis/logo/f2.jpg]
[digitalinfinityservices.com/images/portdis/logo/T2.jpg]
[digitalinfinityservices.com/images/portdis/logo/f3.jpg]
[digitalinfinityservices.com/images/portdis/logo/T3.jpg]
[digitalinfinityservices.com/images/portdis/logo/f4.jpg]
[digitalinfinityservices.com/images/portdis/logo/T4.jpg]
[digitalinfinityservices.com/images/portdis/logo/f5.png]
[digitalinfinityservices.com/images/portdis/logo/T5.jpg]
[digitalinfinityservices.com/images/portdis/logo/f6.jpg]
[digitalinfinityservices.com/images/portdis/logo/T6.jpg]
[digitalinfinityservices.com/images/portdis/logo/f7.png]
[digitalinfinityservices.com/images/portdis/logo/T7.jpg]
[digitalinfinityservices.com/images/portdis/logo/f8.jpg]
[digitalinfinityservices.com/images/portdis/logo/T8.jpg]
[digitalinfinityservices.com/images/portdis/alogo/f1.gif]
[digitalinfinityservices.com/images/portdis/alogo/f2.gif]
[digitalinfinityservices.com/images/portdis/alogo/f3.gif]
[digitalinfinityservices.com/images/portdis/alogo/f4.gif]
[digitalinfinityservices.com/images/portdis/alogo/f5.gif]
[digitalinfinityservices.com/images/portdis/alogo/f6.gif]
[digitalinfinityservices.com/images/portdis/alogo/f7.gif]
[digitalinfinityservices.com/images/portdis/alogo/f8.gif]
[digitalinfinityservices.com/images/portdis/animation/F1.gif]
[digitalinfinityservices.com/images/portdis/animation/F2.gif]
[digitalinfinityservices.com/images/portdis/animation/F3.gif]
[digitalinfinityservices.com/images/portdis/animation/F4.gif]
[digitalinfinityservices.com/images/portdis/animation/F5.gif]
[digitalinfinityservices.com/images/portdis/animation/F6.gif]
[digitalinfinityservices.com/images/portdis/animation/F7.gif]
[digitalinfinityservices.com/images/portdis/animation/F8.gif]
[digitalinfinityservices.com/images/portdis/branding/f1.jpg]
[digitalinfinityservices.com/images/portdis/branding/t1.jpg]
[digitalinfinityservices.com/images/portdis/branding/f2.jpg]
[digitalinfinityservices.com/images/portdis/branding/t2.jpg]
[digitalinfinityservices.com/images/portdis/branding/f3.jpg]
[digitalinfinityservices.com/images/portdis/branding/t3.jpg]
[digitalinfinityservices.com/images/portdis/branding/f4.jpg]
[digitalinfinityservices.com/images/portdis/branding/t4.jpg]
[digitalinfinityservices.com/images/portdis/branding/f5.jpg]
[digitalinfinityservices.com/images/portdis/branding/t5.jpg]
[digitalinfinityservices.com/images/portdis/branding/f6.jpg]
[digitalinfinityservices.com/images/portdis/branding/t6.jpg]
[digitalinfinityservices.com/images/portdis/info/f1.jpg]
[digitalinfinityservices.com/images/portdis/info/t1.jpg]
[digitalinfinityservices.com/images/portdis/info/f2.jpg]
[digitalinfinityservices.com/images/portdis/info/t2.jpg]
[digitalinfinityservices.com/images/portdis/info/f3.jpg]
[digitalinfinityservices.com/images/portdis/info/t3.jpg]
[digitalinfinityservices.com/images/portdis/info/f4.jpg]
[digitalinfinityservices.com/images/portdis/info/t4.jpg]
[digitalinfinityservices.com/images/portdis/info/f5.jpg]
[digitalinfinityservices.com/images/portdis/info/t5.jpg]
[digitalinfinityservices.com/images/portdis/info/f6.jpg]
[digitalinfinityservices.com/images/portdis/info/t6.jpg]
[digitalinfinityservices.com/images/portdis/info/f7.jpg]
[digitalinfinityservices.com/images/portdis/info/t7.jpg]
[digitalinfinityservices.com/images/portdis/info/f8.jpg]
[digitalinfinityservices.com/images/portdis/info/t8.jpg]
[digitalinfinityservices.com/images/portdis/ecomm/M1.jpg]
[digitalinfinityservices.com/images/portdis/ecomm/T1.jpg]
[digitalinfinityservices.com/images/portdis/ecomm/M2.jpg]
[digitalinfinityservices.com/images/portdis/ecomm/T2.jpg]
[digitalinfinityservices.com/images/portdis/ecomm/M3.jpg]
[digitalinfinityservices.com/images/portdis/ecomm/T3.jpg]
[digitalinfinityservices.com/images/portdis/ecomm/M4.jpg]
[digitalinfinityservices.com/images/portdis/ecomm/T4.jpg]
[digitalinfinityservices.com/images/portdis/ecomm/M5.jpg]
[digitalinfinityservices.com/images/portdis/ecomm/T5.jpg]
[digitalinfinityservices.com/images/portdis/ecomm/M6.jpg]
[digitalinfinityservices.com/images/portdis/ecomm/T6.jpg]
[digitalinfinityservices.com/images/portdis/ecomm/M7.jpg]
[digitalinfinityservices.com/images/portdis/ecomm/T7.jpg]
[digitalinfinityservices.com/images/portdis/ecomm/M8.jpg]
[digitalinfinityservices.com/images/portdis/ecomm/T8.jpg]
[digitalinfinityservices.com/portfolio-2.html]
[digitalinfinityservices.com/privacy.html]
[digitalinfinityservices.com/terms.html]
[digitalinfinityservices.com/script.js]
[digitalinfinityservices.com/portfolio.html]
[maxcdn.bootstrapcdn.com/bootstrap/3.3.7/js/bootstrap.min.js]
[maxcdn.bootstrapcdn.com/bootstrap/3.3.5/css/bootstrap.min.css]
[maxcdn.bootstrapcdn.com/font-awesome/4.7.0/css/font-awesome.min.css]
[digitalinfinityservices.com/images/icon-packlist.png]
[digitalinfinityservices.com/images/pack-livechat.png]
[digitalinfinityservices.com/images/comboPrice-bg.jpg]
[digitalinfinityservices.com/images/off.png]
[digitalinfinityservices.com/packages.html]
[digitalinfinityservices.com/images/s1.jpg]
[digitalinfinityservices.com/images/s2.jpg]
[digitalinfinityservices.com/images/s4.jpg]
[digitalinfinityservices.com/stairparts.html]
[digitalinfinityservices.com/images/s9.jpg]
[digitalinfinityservices.com/images/s3.jpg]
[digitalinfinityservices.com/billcamp.html]
[digitalinfinityservices.com/images/s8.jpg]
[digitalinfinityservices.com/images/s7.jpg]
[digitalinfinityservices.com/costa.html]
[digitalinfinityservices.com/images/s6.jpg]
[digitalinfinityservices.com/dafinger.html]
[digitalinfinityservices.com/images/02.png]
[digitalinfinityservices.com/images/n2.jpg]
[digitalinfinityservices.com/images/n4.jpg]
[digitalinfinityservices.com/ringed.html]
[digitalinfinityservices.com/images/DD444.jpg]
[digitalinfinityservices.com/strategic.html]
[digitalinfinityservices.com/images/amhlogo-head.png]
[digitalinfinityservices.com/images/amhweb.jpg]
[digitalinfinityservices.com/images/amhstation.jpg]
[digitalinfinityservices.com/images/amhban.jpg]
[digitalinfinityservices.com/amh.html]
[digitalinfinityservices.com/images/div1.jpg]
[digitalinfinityservices.com/images/div2.jpg]
[digitalinfinityservices.com/images/div3.jpg]
[digitalinfinityservices.com/images/div4.jpg]
[digitalinfinityservices.com/divine.html]
[digitalinfinityservices.com/images/sous1.jpg]
[digitalinfinityservices.com/images/sous2.jpg]
[digitalinfinityservices.com/images/sous3.jpg]
[digitalinfinityservices.com/images/sousweb.jpg]
[digitalinfinityservices.com/sous.html]
[cdnjs.cloudflare.com/ajax/libs/font-awesome/6.2.1/css/all.min.css]
[digitalinfinityservices.com/img/star.png]
[digitalinfinityservices.com/web.html]
[digitalinfinityservices.com/logo.html]
[digitalinfinityservices.com/uiux.html]
[digitalinfinityservices.com/ecommerce.html]
[digitalinfinityservices.com/mobile.html]
[digitalinfinityservices.com/wordpress.html]
[digitalinfinityservices.com/support.html]
[digitalinfinityservices.com/images/2.html]
[digitalinfinityservices.com/js/main.js]
[digitalinfinityservices.com/fonts/helena/Helena.html]
[digitalinfinityservices.com/img/arrow-link.svg]
[digitalinfinityservices.com/img/dg.png]
[digitalinfinityservices.com/css/blog_page.css]
[cdnjs.cloudflare.com/ajax/libs/fancybox/3.5.7/jquery.fancybox.min.css]
[digitalinfinityservices.com/index-2.html]
[digitalinfinityservices.com/portfolio-2.html]
[digitalinfinityservices.com/privacy.html]
[digitalinfinityservices.com/terms.html]
[digitalinfinityservices.com/script.html]
[maxcdn.bootstrapcdn.com/bootstrap/3.3.5/css/bootstrap.min.css]
[maxcdn.bootstrapcdn.com/font-awesome/4.7.0/css/font-awesome.min.css]
[digitalinfinityservices.com/images/pack-livechat.html]
[digitalinfinityservices.com/images/comboPrice-bg.html]
[digitalinfinityservices.com/images/off.html]
[cdnjs.cloudflare.com/ajax/libs/font-awesome/6.2.1/css/all.min.css]
